// Jest Snapshot v1, https://goo.gl/fbAQLP

exports[`Button has a valid snapshot 1`] = `<button />`;

exports[`Button has a valid snapshot with props 1`] = `
<button
  className="test"
  onClick={[Function]}
>
  I'm a button
</button>
`;
